2026-08-31 00:29:48,780 | INFO | ==========================================
2026-08-31 00:29:48,781 | INFO | VenueHunt scraper started
2026-08-31 00:29:48,781 | INFO | ==========================================
2026-08-31 00:29:48,781 | INFO | Discovering listing pages...
2026-08-31 00:29:51,745 | INFO | Listing pages found: 3
2026-08-31 00:29:51,746 | INFO | Scanning: https://venuehunt.pk/venues/
2026-08-31 00:29:52,475 | INFO | Found 20 venue URLs
2026-08-31 00:29:53,475 | INFO | Scanning: https://venuehunt.pk/venues/page/2/
2026-08-31 00:29:54,476 | INFO | Found 20 venue URLs
2026-08-31 00:29:55,477 | INFO | Scanning: https://venuehunt.pk/venues/page/3/
2026-08-31 00:29:55,919 | INFO | Found 13 venue URLs
2026-08-31 00:29:56,927 | INFO | Total unique venues discovered: 53
2026-08-31 00:29:56,928 | INFO | [1/53] Scraping: https://venuehunt.pk/venues/the-pioneer-banquet/
2026-08-31 00:29:56,928 | INFO | Scraping venue: https://venuehunt.pk/venues/the-pioneer-banquet/
2026-08-31 00:31:56,109 | INFO | [2/53] Scraping: https://venuehunt.pk/venues/al-mustafa-banquet/
2026-08-31 00:31:56,110 | INFO | Scraping venue: https://venuehunt.pk/venues/al-mustafa-banquet/
2026-08-31 00:34:04,166 | INFO | [3/53] Scraping: https://venuehunt.pk/venues/jannat-banquet/
2026-08-31 00:34:04,167 | INFO | Scraping venue: https://venuehunt.pk/venues/jannat-banquet/
2026-08-31 00:35:21,786 | INFO | [4/53] Scraping: https://venuehunt.pk/venues/hassan-banquet/
2026-08-31 00:35:21,787 | INFO | Scraping venue: https://venuehunt.pk/venues/hassan-banquet/
2026-08-31 00:36:13,774 | INFO | [5/53] Scraping: https://venuehunt.pk/venues/clock-towers-banquet/
2026-08-31 00:36:13,775 | INFO | Scraping venue: https://venuehunt.pk/venues/clock-towers-banquet/
2026-08-31 00:37:02,709 | INFO | [6/53] Scraping: https://venuehunt.pk/venues/bagh-o-bahar-lawn-a/
2026-08-31 00:37:02,710 | INFO | Scraping venue: https://venuehunt.pk/venues/bagh-o-bahar-lawn-a/
2026-08-31 00:37:42,226 | INFO | [7/53] Scraping: https://venuehunt.pk/venues/bagh-o-bahar-lawn-b/
2026-08-31 00:37:42,227 | INFO | Scraping venue: https://venuehunt.pk/venues/bagh-o-bahar-lawn-b/
2026-08-31 00:38:21,211 | INFO | [8/53] Scraping: https://venuehunt.pk/venues/shan-e-mughlia-lawn/
2026-08-31 00:38:21,212 | INFO | Scraping venue: https://venuehunt.pk/venues/shan-e-mughlia-lawn/
2026-08-31 00:38:58,311 | INFO | [9/53] Scraping: https://venuehunt.pk/venues/marry-inn-banquet/
2026-08-31 00:38:58,311 | INFO | Scraping venue: https://venuehunt.pk/venues/marry-inn-banquet/
2026-08-31 01:04:26,337 | WARNING | Request failed [1/3]: https://venuehunt.pk/wp-content/uploads/2025/11/Marry-Inn-banquet-11-768x512.jpg | ('Connection aborted.', ConnectionResetError(10054, 'An existing connection was forcibly closed by the remote host', None, 10054, None))
2026-08-31 01:04:28,526 | WARNING | Request failed [2/3]: https://venuehunt.pk/wp-content/uploads/2025/11/Marry-Inn-banquet-11-768x512.jpg | HTTPSConnectionPool(host='venuehunt.pk', port=443): Max retries exceeded with url: /wp-content/uploads/2025/11/Marry-Inn-banquet-11-768x512.jpg (Caused by NameResolutionError("HTTPSConnection(host='venuehunt.pk', port=443): Failed to resolve 'venuehunt.pk' ([Errno 11001] getaddrinfo failed)"))
2026-08-31 04:48:38,510 | WARNING | Request failed [3/3]: https://venuehunt.pk/wp-content/uploads/2025/11/Marry-Inn-banquet-11-768x512.jpg | HTTPSConnectionPool(host='venuehunt.pk', port=443): Max retries exceeded with url: /wp-content/uploads/2025/11/Marry-Inn-banquet-11-768x512.jpg (Caused by NameResolutionError("HTTPSConnection(host='venuehunt.pk', port=443): Failed to resolve 'venuehunt.pk' ([Errno 11001] getaddrinfo failed)"))
2026-08-31 04:48:38,615 | ERROR | Image failed: https://venuehunt.pk/wp-content/uploads/2025/11/Marry-Inn-banquet-11-768x512.jpg | HTTPSConnectionPool(host='venuehunt.pk', port=443): Max retries exceeded with url: /wp-content/uploads/2025/11/Marry-Inn-banquet-11-768x512.jpg (Caused by NameResolutionError("HTTPSConnection(host='venuehunt.pk', port=443): Failed to resolve 'venuehunt.pk' ([Errno 11001] getaddrinfo failed)"))
2026-08-31 04:48:39,344 | WARNING | Request failed [1/3]: https://venuehunt.pk/wp-content/uploads/2025/11/Marry-Inn-banquet-12-768x512.jpg | HTTPSConnectionPool(host='venuehunt.pk', port=443): Max retries exceeded with url: /wp-content/uploads/2025/11/Marry-Inn-banquet-12-768x512.jpg (Caused by NameResolutionError("HTTPSConnection(host='venuehunt.pk', port=443): Failed to resolve 'venuehunt.pk' ([Errno 11001] getaddrinfo failed)"))
2026-08-31 10:56:54,572 | WARNING | Request failed [1/3]: https://venuehunt.pk/wp-content/uploads/2025/10/decor-icon.jpg | ('Connection aborted.', ConnectionResetError(10054, 'An existing connection was forcibly closed by the remote host', None, 10054, None))
2026-08-31 10:56:56,697 | WARNING | Request failed [2/3]: https://venuehunt.pk/wp-content/uploads/2025/10/decor-icon.jpg | HTTPSConnectionPool(host='venuehunt.pk', port=443): Max retries exceeded with url: /wp-content/uploads/2025/10/decor-icon.jpg (Caused by NameResolutionError("HTTPSConnection(host='venuehunt.pk', port=443): Failed to resolve 'venuehunt.pk' ([Errno 11001] getaddrinfo failed)"))
2026-08-31 10:57:00,780 | WARNING | Request failed [3/3]: https://venuehunt.pk/wp-content/uploads/2025/10/decor-icon.jpg | HTTPSConnectionPool(host='venuehunt.pk', port=443): Max retries exceeded with url: /wp-content/uploads/2025/10/decor-icon.jpg (Caused by NameResolutionError("HTTPSConnection(host='venuehunt.pk', port=443): Failed to resolve 'venuehunt.pk' ([Errno 11001] getaddrinfo failed)"))
2026-08-31 10:57:00,799 | ERROR | Image failed: https://venuehunt.pk/wp-content/uploads/2025/10/decor-icon.jpg | HTTPSConnectionPool(host='venuehunt.pk', port=443): Max retries exceeded with url: /wp-content/uploads/2025/10/decor-icon.jpg (Caused by NameResolutionError("HTTPSConnection(host='venuehunt.pk', port=443): Failed to resolve 'venuehunt.pk' ([Errno 11001] getaddrinfo failed)"))
2026-08-31 10:57:01,495 | WARNING | Request failed [1/3]: https://venuehunt.pk/wp-content/uploads/2025/10/drone-icon.jpg | HTTPSConnectionPool(host='venuehunt.pk', port=443): Max retries exceeded with url: /wp-content/uploads/2025/10/drone-icon.jpg (Caused by NameResolutionError("HTTPSConnection(host='venuehunt.pk', port=443): Failed to resolve 'venuehunt.pk' ([Errno 11001] getaddrinfo failed)"))
2026-08-31 10:57:51,768 | INFO | [10/53] Scraping: https://venuehunt.pk/venues/noshaba-banquet/
2026-08-31 10:57:51,768 | INFO | Scraping venue: https://venuehunt.pk/venues/noshaba-banquet/
2026-08-31 10:58:35,908 | INFO | [11/53] Scraping: https://venuehunt.pk/venues/the-golden-palace/
2026-08-31 10:58:35,909 | INFO | Scraping venue: https://venuehunt.pk/venues/the-golden-palace/
2026-08-31 10:59:18,203 | INFO | [12/53] Scraping: https://venuehunt.pk/venues/grand-sapphire-banquet/
2026-08-31 10:59:18,203 | INFO | Scraping venue: https://venuehunt.pk/venues/grand-sapphire-banquet/
2026-08-31 10:59:55,832 | INFO | [13/53] Scraping: https://venuehunt.pk/venues/subhan-palace/
2026-08-31 10:59:55,832 | INFO | Scraping venue: https://venuehunt.pk/venues/subhan-palace/
2026-08-31 11:00:34,697 | INFO | [14/53] Scraping: https://venuehunt.pk/venues/arisha-palace/
2026-08-31 11:00:34,697 | INFO | Scraping venue: https://venuehunt.pk/venues/arisha-palace/
2026-08-31 11:01:12,055 | INFO | [15/53] Scraping: https://venuehunt.pk/venues/global-banquet/
2026-08-31 11:01:12,057 | INFO | Scraping venue: https://venuehunt.pk/venues/global-banquet/
2026-08-31 11:02:07,035 | INFO | [16/53] Scraping: https://venuehunt.pk/venues/de-hina-marquee/
2026-08-31 11:02:07,035 | INFO | Scraping venue: https://venuehunt.pk/venues/de-hina-marquee/
2026-08-31 11:02:55,804 | INFO | [17/53] Scraping: https://venuehunt.pk/venues/zamzam-marquee-b/
2026-08-31 11:02:55,805 | INFO | Scraping venue: https://venuehunt.pk/venues/zamzam-marquee-b/
2026-08-31 11:03:37,910 | INFO | [18/53] Scraping: https://venuehunt.pk/venues/zamzam-marquee-c/
2026-08-31 11:03:37,912 | INFO | Scraping venue: https://venuehunt.pk/venues/zamzam-marquee-c/
2026-08-31 11:04:30,243 | INFO | [19/53] Scraping: https://venuehunt.pk/venues/zamzam-marquee-a/
2026-08-31 11:04:30,243 | INFO | Scraping venue: https://venuehunt.pk/venues/zamzam-marquee-a/
2026-08-31 11:05:28,598 | INFO | [20/53] Scraping: https://venuehunt.pk/venues/saffron-banquet/
2026-08-31 11:05:28,599 | INFO | Scraping venue: https://venuehunt.pk/venues/saffron-banquet/
2026-08-31 11:06:04,620 | INFO | [21/53] Scraping: https://venuehunt.pk/venues/syed-marquee/
2026-08-31 11:06:04,620 | INFO | Scraping venue: https://venuehunt.pk/venues/syed-marquee/
2026-08-31 11:06:38,647 | INFO | [22/53] Scraping: https://venuehunt.pk/venues/the-clifton-marquee/
2026-08-31 11:06:38,647 | INFO | Scraping venue: https://venuehunt.pk/venues/the-clifton-marquee/
2026-08-31 11:07:12,222 | INFO | [23/53] Scraping: https://venuehunt.pk/venues/the-region-banquet-and-restaurant/
2026-08-31 11:07:12,222 | INFO | Scraping venue: https://venuehunt.pk/venues/the-region-banquet-and-restaurant/
2026-08-31 11:08:00,721 | INFO | [24/53] Scraping: https://venuehunt.pk/venues/khulsoom-banquet/
2026-08-31 11:08:00,722 | INFO | Scraping venue: https://venuehunt.pk/venues/khulsoom-banquet/
2026-08-31 11:08:47,467 | INFO | [25/53] Scraping: https://venuehunt.pk/venues/h-p-banquet/
2026-08-31 11:08:47,468 | INFO | Scraping venue: https://venuehunt.pk/venues/h-p-banquet/
2026-08-31 11:09:22,172 | INFO | [26/53] Scraping: https://venuehunt.pk/venues/evacuee-banquet/
2026-08-31 11:09:22,173 | INFO | Scraping venue: https://venuehunt.pk/venues/evacuee-banquet/
2026-08-31 11:09:59,467 | INFO | [27/53] Scraping: https://venuehunt.pk/venues/baithak-e-bahlool/
2026-08-31 11:09:59,468 | INFO | Scraping venue: https://venuehunt.pk/venues/baithak-e-bahlool/
2026-08-31 11:10:40,391 | INFO | [28/53] Scraping: https://venuehunt.pk/venues/divine-banquet/
2026-08-31 11:10:40,391 | INFO | Scraping venue: https://venuehunt.pk/venues/divine-banquet/
2026-08-31 11:11:24,159 | INFO | [29/53] Scraping: https://venuehunt.pk/venues/events-190c-ballroom/
2026-08-31 11:11:24,159 | INFO | Scraping venue: https://venuehunt.pk/venues/events-190c-ballroom/
2026-08-31 11:12:00,431 | INFO | [30/53] Scraping: https://venuehunt.pk/venues/area-51-banquet/
2026-08-31 11:12:00,432 | INFO | Scraping venue: https://venuehunt.pk/venues/area-51-banquet/
2026-08-31 11:12:30,798 | INFO | [31/53] Scraping: https://venuehunt.pk/venues/the-ritz-banquet/
2026-08-31 11:12:30,798 | INFO | Scraping venue: https://venuehunt.pk/venues/the-ritz-banquet/
2026-08-31 11:13:13,966 | INFO | [32/53] Scraping: https://venuehunt.pk/venues/hamras-marquee/
2026-08-31 11:13:13,966 | INFO | Scraping venue: https://venuehunt.pk/venues/hamras-marquee/
2026-08-31 11:13:54,964 | INFO | [33/53] Scraping: https://venuehunt.pk/venues/johar-lawn/
2026-08-31 11:13:54,966 | INFO | Scraping venue: https://venuehunt.pk/venues/johar-lawn/
2026-08-31 11:14:31,104 | INFO | [34/53] Scraping: https://venuehunt.pk/venues/the-heavens-banquet/
2026-08-31 11:14:31,104 | INFO | Scraping venue: https://venuehunt.pk/venues/the-heavens-banquet/
2026-08-31 11:15:25,746 | INFO | [35/53] Scraping: https://venuehunt.pk/venues/liberty-banquet/
2026-08-31 11:15:25,746 | INFO | Scraping venue: https://venuehunt.pk/venues/liberty-banquet/
2026-08-31 11:16:08,379 | INFO | [36/53] Scraping: https://venuehunt.pk/venues/shadi-qila-banquet/
2026-08-31 11:16:08,380 | INFO | Scraping venue: https://venuehunt.pk/venues/shadi-qila-banquet/
2026-08-31 11:16:50,586 | INFO | [37/53] Scraping: https://venuehunt.pk/venues/rotana-banquet/
2026-08-31 11:16:50,587 | INFO | Scraping venue: https://venuehunt.pk/venues/rotana-banquet/
2026-08-31 11:17:25,082 | INFO | [38/53] Scraping: https://venuehunt.pk/venues/swissotel-marquee/
2026-08-31 11:17:25,083 | INFO | Scraping venue: https://venuehunt.pk/venues/swissotel-marquee/
2026-08-31 11:18:10,157 | INFO | [39/53] Scraping: https://venuehunt.pk/venues/the-wedding-court/
2026-08-31 11:18:10,158 | INFO | Scraping venue: https://venuehunt.pk/venues/the-wedding-court/
2026-08-31 11:18:51,301 | INFO | [40/53] Scraping: https://venuehunt.pk/venues/banquet-de-grande/
2026-08-31 11:18:51,301 | INFO | Scraping venue: https://venuehunt.pk/venues/banquet-de-grande/
2026-08-31 11:19:32,267 | INFO | [41/53] Scraping: https://venuehunt.pk/venues/falah-ballrooms/
2026-08-31 11:19:32,267 | INFO | Scraping venue: https://venuehunt.pk/venues/falah-ballrooms/
2026-08-31 11:20:03,348 | INFO | [42/53] Scraping: https://venuehunt.pk/venues/askari-stars-lawn/
2026-08-31 11:20:03,348 | INFO | Scraping venue: https://venuehunt.pk/venues/askari-stars-lawn/
2026-08-31 11:20:50,127 | INFO | [43/53] Scraping: https://venuehunt.pk/venues/casablanca-banquet/
2026-08-31 11:20:50,129 | INFO | Scraping venue: https://venuehunt.pk/venues/casablanca-banquet/
2026-08-31 11:21:34,761 | INFO | [44/53] Scraping: https://venuehunt.pk/venues/prestige-ballroom/
2026-08-31 11:21:34,762 | INFO | Scraping venue: https://venuehunt.pk/venues/prestige-ballroom/
2026-08-31 11:22:20,995 | INFO | [45/53] Scraping: https://venuehunt.pk/venues/city-lawn/
2026-08-31 11:22:20,995 | INFO | Scraping venue: https://venuehunt.pk/venues/city-lawn/
2026-08-31 11:23:03,644 | INFO | [46/53] Scraping: https://venuehunt.pk/venues/darbar-banquet/
2026-08-31 11:23:03,645 | INFO | Scraping venue: https://venuehunt.pk/venues/darbar-banquet/
2026-08-31 11:23:44,488 | INFO | [47/53] Scraping: https://venuehunt.pk/venues/marquee-one/
2026-08-31 11:23:44,488 | INFO | Scraping venue: https://venuehunt.pk/venues/marquee-one/
2026-08-31 11:24:26,028 | INFO | [48/53] Scraping: https://venuehunt.pk/venues/shahab-mehal-banquet/
2026-08-31 11:24:26,029 | INFO | Scraping venue: https://venuehunt.pk/venues/shahab-mehal-banquet/
2026-08-31 11:25:05,629 | INFO | [49/53] Scraping: https://venuehunt.pk/venues/the-lounge-roof-top/
2026-08-31 11:25:05,631 | INFO | Scraping venue: https://venuehunt.pk/venues/the-lounge-roof-top/
2026-08-31 11:25:45,153 | INFO | [50/53] Scraping: https://venuehunt.pk/venues/novotel-ballroom/
2026-08-31 11:25:45,153 | INFO | Scraping venue: https://venuehunt.pk/venues/novotel-ballroom/
2026-08-31 11:26:22,808 | INFO | [51/53] Scraping: https://venuehunt.pk/venues/sofitel-luxury-banquet/
2026-08-31 11:26:22,809 | INFO | Scraping venue: https://venuehunt.pk/venues/sofitel-luxury-banquet/
2026-08-31 11:27:11,165 | INFO | [52/53] Scraping: https://venuehunt.pk/venues/the-sapphire-banquet/
2026-08-31 11:27:11,166 | INFO | Scraping venue: https://venuehunt.pk/venues/the-sapphire-banquet/
2026-08-31 11:28:16,056 | INFO | [53/53] Scraping: https://venuehunt.pk/venues/royal-banquet-hall/
2026-08-31 11:28:16,056 | INFO | Scraping venue: https://venuehunt.pk/venues/royal-banquet-hall/
2026-08-31 11:28:47,837 | INFO | Excel created: venuehunt_output\venuehunt_venues.xlsx
2026-08-31 11:28:47,837 | INFO | ==========================================
2026-08-31 11:28:47,838 | INFO | SCRAPING COMPLETED
2026-08-31 11:28:47,840 | INFO | Venues: 53
2026-08-31 11:28:47,840 | INFO | Excel: venuehunt_output\venuehunt_venues.xlsx
2026-08-31 11:28:47,841 | INFO | Images: venuehunt_output\images
2026-08-31 11:28:47,842 | INFO | ==========================================
